Replace Part C1 06035U4R7JAT2A in C:\Users\theodote\Documents\! Senor Year Project\Senior-Project\hw\pale_sieve\pale_sieve.SchDoc with 06035U4R7JAT2A from pale_sieve.SchLib
Replace Part C2 CGA3EDX7T1A106M080AU in C:\Users\theodote\Documents\! Senor Year Project\Senior-Project\hw\pale_sieve\pale_sieve.SchDoc with CGA3EDX7T1A106M080AU from pale_sieve.SchLib
Replace Part C3 SMDTD04470YA00KS00 in C:\Users\theodote\Documents\! Senor Year Project\Senior-Project\hw\pale_sieve\pale_sieve.SchDoc with SMDTD04470YA00KS00 from pale_sieve.SchLib
Replace Part C4 C0805C473G3GECAUTO in C:\Users\theodote\Documents\! Senor Year Project\Senior-Project\hw\pale_sieve\pale_sieve.SchDoc with C0805C473G3GECAUTO from pale_sieve.SchLib
Replace Part C5 CGA3EDX7T1A106M080AU in C:\Users\theodote\Documents\! Senor Year Project\Senior-Project\hw\pale_sieve\pale_sieve.SchDoc with CGA3EDX7T1A106M080AU from pale_sieve.SchLib
Replace Part C6 C0805C473G3GECAUTO in C:\Users\theodote\Documents\! Senor Year Project\Senior-Project\hw\pale_sieve\pale_sieve.SchDoc with C0805C473G3GECAUTO from pale_sieve.SchLib
Replace Part C7 0603YD105KAT2A in C:\Users\theodote\Documents\! Senor Year Project\Senior-Project\hw\pale_sieve\pale_sieve.SchDoc with 0603YD105KAT2A from pale_sieve.SchLib
Replace Part C8 SMDTD04470YA00KS00 in C:\Users\theodote\Documents\! Senor Year Project\Senior-Project\hw\pale_sieve\pale_sieve.SchDoc with SMDTD04470YA00KS00 from pale_sieve.SchLib
Replace Part C9 C0805C473G3GECAUTO in C:\Users\theodote\Documents\! Senor Year Project\Senior-Project\hw\pale_sieve\pale_sieve.SchDoc with C0805C473G3GECAUTO from pale_sieve.SchLib
Replace Part C10 CGA3EDX7T1A106M080AU in C:\Users\theodote\Documents\! Senor Year Project\Senior-Project\hw\pale_sieve\pale_sieve.SchDoc with CGA3EDX7T1A106M080AU from pale_sieve.SchLib
Replace Part C11 C0805C473G3GECAUTO in C:\Users\theodote\Documents\! Senor Year Project\Senior-Project\hw\pale_sieve\pale_sieve.SchDoc with C0805C473G3GECAUTO from pale_sieve.SchLib
Replace Part C12 GCM188R71H103KA37J in C:\Users\theodote\Documents\! Senor Year Project\Senior-Project\hw\pale_sieve\pale_sieve.SchDoc with GCM188R71H103KA37J from pale_sieve.SchLib
Replace Part C13 C0603C102J2TACAUTO in C:\Users\theodote\Documents\! Senor Year Project\Senior-Project\hw\pale_sieve\pale_sieve.SchDoc with C0603C102J2TACAUTO from pale_sieve.SchLib
Replace Part C14 C0603C102J2TACAUTO in C:\Users\theodote\Documents\! Senor Year Project\Senior-Project\hw\pale_sieve\pale_sieve.SchDoc with C0603C102J2TACAUTO from pale_sieve.SchLib
Replace Part D1 1N4148WS in C:\Users\theodote\Documents\! Senor Year Project\Senior-Project\hw\pale_sieve\pale_sieve.SchDoc with 1N4148WS from pale_sieve.SchLib
Replace Part D2 1N4148WS in C:\Users\theodote\Documents\! Senor Year Project\Senior-Project\hw\pale_sieve\pale_sieve.SchDoc with 1N4148WS from pale_sieve.SchLib
Replace Part ENC1 PEC11L-4120F-S0020 in C:\Users\theodote\Documents\! Senor Year Project\Senior-Project\hw\pale_sieve\pale_sieve.SchDoc with PEC11L-4120F-S0020 from pale_sieve.SchLib
Replace Part J1 SJ2-35894B-SMT-TR in C:\Users\theodote\Documents\! Senor Year Project\Senior-Project\hw\pale_sieve\pale_sieve.SchDoc with SJ2-35894B-SMT-TR from pale_sieve.SchLib
Replace Part J2 SJ2-35894B-SMT-TR in C:\Users\theodote\Documents\! Senor Year Project\Senior-Project\hw\pale_sieve\pale_sieve.SchDoc with SJ2-35894B-SMT-TR from pale_sieve.SchLib
Replace Part J3 10x2.54mm in C:\Users\theodote\Documents\! Senor Year Project\Senior-Project\hw\pale_sieve\pale_sieve.SchDoc with 10x2.54mm from pale_sieve.SchLib
Replace Part J4 8x2.54mm in C:\Users\theodote\Documents\! Senor Year Project\Senior-Project\hw\pale_sieve\pale_sieve.SchDoc with 8x2.54mm from pale_sieve.SchLib
Replace Part J5 8x2.54mm in C:\Users\theodote\Documents\! Senor Year Project\Senior-Project\hw\pale_sieve\pale_sieve.SchDoc with 8x2.54mm from pale_sieve.SchLib
Replace Part J6 6x2.54mm in C:\Users\theodote\Documents\! Senor Year Project\Senior-Project\hw\pale_sieve\pale_sieve.SchDoc with 6x2.54mm from pale_sieve.SchLib
Replace Part JP1 SolderBridge in C:\Users\theodote\Documents\! Senor Year Project\Senior-Project\hw\pale_sieve\pale_sieve.SchDoc with SolderBridge from pale_sieve.SchLib
Replace Part JP2 SolderBridge in C:\Users\theodote\Documents\! Senor Year Project\Senior-Project\hw\pale_sieve\pale_sieve.SchDoc with SolderBridge from pale_sieve.SchLib
Replace Part JP3 SolderBridge in C:\Users\theodote\Documents\! Senor Year Project\Senior-Project\hw\pale_sieve\pale_sieve.SchDoc with SolderBridge from pale_sieve.SchLib
Replace Part JP4 SolderBridge in C:\Users\theodote\Documents\! Senor Year Project\Senior-Project\hw\pale_sieve\pale_sieve.SchDoc with SolderBridge from pale_sieve.SchLib
Replace Part JP5 SolderBridge in C:\Users\theodote\Documents\! Senor Year Project\Senior-Project\hw\pale_sieve\pale_sieve.SchDoc with SolderBridge from pale_sieve.SchLib
Replace Part JP6 SolderBridge in C:\Users\theodote\Documents\! Senor Year Project\Senior-Project\hw\pale_sieve\pale_sieve.SchDoc with SolderBridge from pale_sieve.SchLib
Replace Part JP7 SolderBridge in C:\Users\theodote\Documents\! Senor Year Project\Senior-Project\hw\pale_sieve\pale_sieve.SchDoc with SolderBridge from pale_sieve.SchLib
Replace Part JP8 SolderBridge in C:\Users\theodote\Documents\! Senor Year Project\Senior-Project\hw\pale_sieve\pale_sieve.SchDoc with SolderBridge from pale_sieve.SchLib
Replace Part JP9 SolderBridge in C:\Users\theodote\Documents\! Senor Year Project\Senior-Project\hw\pale_sieve\pale_sieve.SchDoc with SolderBridge from pale_sieve.SchLib
Replace Part JP10 SolderBridge in C:\Users\theodote\Documents\! Senor Year Project\Senior-Project\hw\pale_sieve\pale_sieve.SchDoc with SolderBridge from pale_sieve.SchLib
Replace Part JP11 SolderBridge in C:\Users\theodote\Documents\! Senor Year Project\Senior-Project\hw\pale_sieve\pale_sieve.SchDoc with SolderBridge from pale_sieve.SchLib
Replace Part JP12 SolderBridge in C:\Users\theodote\Documents\! Senor Year Project\Senior-Project\hw\pale_sieve\pale_sieve.SchDoc with SolderBridge from pale_sieve.SchLib
Replace Part JP13 SolderBridge in C:\Users\theodote\Documents\! Senor Year Project\Senior-Project\hw\pale_sieve\pale_sieve.SchDoc with SolderBridge from pale_sieve.SchLib
Replace Part JP14 SolderBridge in C:\Users\theodote\Documents\! Senor Year Project\Senior-Project\hw\pale_sieve\pale_sieve.SchDoc with SolderBridge from pale_sieve.SchLib
Replace Part R1 CRCW06031K00FKEI in C:\Users\theodote\Documents\! Senor Year Project\Senior-Project\hw\pale_sieve\pale_sieve.SchDoc with CRCW06031K00FKEI from pale_sieve.SchLib
Replace Part R2 CRCW06032K20FKEA in C:\Users\theodote\Documents\! Senor Year Project\Senior-Project\hw\pale_sieve\pale_sieve.SchDoc with CRCW06032K20FKEA from pale_sieve.SchLib
Replace Part R3 CRCW0603150RFKEA in C:\Users\theodote\Documents\! Senor Year Project\Senior-Project\hw\pale_sieve\pale_sieve.SchDoc with CRCW0603150RFKEA from pale_sieve.SchLib
Replace Part R4 CRCW0603150RFKEA in C:\Users\theodote\Documents\! Senor Year Project\Senior-Project\hw\pale_sieve\pale_sieve.SchDoc with CRCW0603150RFKEA from pale_sieve.SchLib
Replace Part R5 CRCW0603470RFKEC in C:\Users\theodote\Documents\! Senor Year Project\Senior-Project\hw\pale_sieve\pale_sieve.SchDoc with CRCW0603470RFKEC from pale_sieve.SchLib
Replace Part R6 CRCW0603150RFKEA in C:\Users\theodote\Documents\! Senor Year Project\Senior-Project\hw\pale_sieve\pale_sieve.SchDoc with CRCW0603150RFKEA from pale_sieve.SchLib
Replace Part R7 CRCW0603150RFKEA in C:\Users\theodote\Documents\! Senor Year Project\Senior-Project\hw\pale_sieve\pale_sieve.SchDoc with CRCW0603150RFKEA from pale_sieve.SchLib
Replace Part R8 CRCW060347K0FKEA in C:\Users\theodote\Documents\! Senor Year Project\Senior-Project\hw\pale_sieve\pale_sieve.SchDoc with CRCW060347K0FKEA from pale_sieve.SchLib
Replace Part R9 CRCW060347K0FKEA in C:\Users\theodote\Documents\! Senor Year Project\Senior-Project\hw\pale_sieve\pale_sieve.SchDoc with CRCW060347K0FKEA from pale_sieve.SchLib
Replace Part R10 CRCW060347K0FKEA in C:\Users\theodote\Documents\! Senor Year Project\Senior-Project\hw\pale_sieve\pale_sieve.SchDoc with CRCW060347K0FKEA from pale_sieve.SchLib
Replace Part R11 CRCW06031K00FKEI in C:\Users\theodote\Documents\! Senor Year Project\Senior-Project\hw\pale_sieve\pale_sieve.SchDoc with CRCW06031K00FKEI from pale_sieve.SchLib
Replace Part R12 CRCW060310K0FKEA in C:\Users\theodote\Documents\! Senor Year Project\Senior-Project\hw\pale_sieve\pale_sieve.SchDoc with CRCW060310K0FKEA from pale_sieve.SchLib
Replace Part R13 CRCW06031K00FKEI in C:\Users\theodote\Documents\! Senor Year Project\Senior-Project\hw\pale_sieve\pale_sieve.SchDoc with CRCW06031K00FKEI from pale_sieve.SchLib
Replace Part TP1 TestPoint in C:\Users\theodote\Documents\! Senor Year Project\Senior-Project\hw\pale_sieve\pale_sieve.SchDoc with TestPoint from pale_sieve.SchLib
Replace Part TP2 TestPoint in C:\Users\theodote\Documents\! Senor Year Project\Senior-Project\hw\pale_sieve\pale_sieve.SchDoc with TestPoint from pale_sieve.SchLib
Replace Part TP3 TestPoint in C:\Users\theodote\Documents\! Senor Year Project\Senior-Project\hw\pale_sieve\pale_sieve.SchDoc with TestPoint from pale_sieve.SchLib
Replace Part TP4 TestPoint in C:\Users\theodote\Documents\! Senor Year Project\Senior-Project\hw\pale_sieve\pale_sieve.SchDoc with TestPoint from pale_sieve.SchLib
Replace Part TP5 TestPoint in C:\Users\theodote\Documents\! Senor Year Project\Senior-Project\hw\pale_sieve\pale_sieve.SchDoc with TestPoint from pale_sieve.SchLib
Replace Part TP6 TestPoint in C:\Users\theodote\Documents\! Senor Year Project\Senior-Project\hw\pale_sieve\pale_sieve.SchDoc with TestPoint from pale_sieve.SchLib
Replace Part TP7 TestPoint in C:\Users\theodote\Documents\! Senor Year Project\Senior-Project\hw\pale_sieve\pale_sieve.SchDoc with TestPoint from pale_sieve.SchLib
Replace Part TP8 TestPoint in C:\Users\theodote\Documents\! Senor Year Project\Senior-Project\hw\pale_sieve\pale_sieve.SchDoc with TestPoint from pale_sieve.SchLib
Replace Part TP9 TestPoint in C:\Users\theodote\Documents\! Senor Year Project\Senior-Project\hw\pale_sieve\pale_sieve.SchDoc with TestPoint from pale_sieve.SchLib
Replace Part TP10 TestPoint in C:\Users\theodote\Documents\! Senor Year Project\Senior-Project\hw\pale_sieve\pale_sieve.SchDoc with TestPoint from pale_sieve.SchLib
Replace Part TP11 TestPoint in C:\Users\theodote\Documents\! Senor Year Project\Senior-Project\hw\pale_sieve\pale_sieve.SchDoc with TestPoint from pale_sieve.SchLib
Replace Part TP12 TestPoint in C:\Users\theodote\Documents\! Senor Year Project\Senior-Project\hw\pale_sieve\pale_sieve.SchDoc with TestPoint from pale_sieve.SchLib
Replace Part TP13 TestPoint in C:\Users\theodote\Documents\! Senor Year Project\Senior-Project\hw\pale_sieve\pale_sieve.SchDoc with TestPoint from pale_sieve.SchLib
Replace Part TP14 TestPoint in C:\Users\theodote\Documents\! Senor Year Project\Senior-Project\hw\pale_sieve\pale_sieve.SchDoc with TestPoint from pale_sieve.SchLib
Replace Part TP15 TestPoint in C:\Users\theodote\Documents\! Senor Year Project\Senior-Project\hw\pale_sieve\pale_sieve.SchDoc with TestPoint from pale_sieve.SchLib
Replace Part TP16 TestPoint in C:\Users\theodote\Documents\! Senor Year Project\Senior-Project\hw\pale_sieve\pale_sieve.SchDoc with TestPoint from pale_sieve.SchLib
Replace Part TP17 TestPoint in C:\Users\theodote\Documents\! Senor Year Project\Senior-Project\hw\pale_sieve\pale_sieve.SchDoc with TestPoint from pale_sieve.SchLib
Replace Part U1 OPA2323IDR in C:\Users\theodote\Documents\! Senor Year Project\Senior-Project\hw\pale_sieve\pale_sieve.SchDoc with OPA2323IDR from pale_sieve.SchLib
Replace Part U1 OPA2323IDR in C:\Users\theodote\Documents\! Senor Year Project\Senior-Project\hw\pale_sieve\pale_sieve.SchDoc with OPA2323IDR from pale_sieve.SchLib
Replace Part U2 OPA2323IDR in C:\Users\theodote\Documents\! Senor Year Project\Senior-Project\hw\pale_sieve\pale_sieve.SchDoc with OPA2323IDR from pale_sieve.SchLib
Replace Part U2 OPA2323IDR in C:\Users\theodote\Documents\! Senor Year Project\Senior-Project\hw\pale_sieve\pale_sieve.SchDoc with OPA2323IDR from pale_sieve.SchLib
Replace Part VR1 TS53YL105MR10 in C:\Users\theodote\Documents\! Senor Year Project\Senior-Project\hw\pale_sieve\pale_sieve.SchDoc with TS53YL105MR10 from pale_sieve.SchLib
Replace Part VR2 TS53YL204MR10 in C:\Users\theodote\Documents\! Senor Year Project\Senior-Project\hw\pale_sieve\pale_sieve.SchDoc with TS53YL204MR10 from pale_sieve.SchLib
Replace Part VR3 TS53YL102MR10 in C:\Users\theodote\Documents\! Senor Year Project\Senior-Project\hw\pale_sieve\pale_sieve.SchDoc with TS53YL102MR10 from pale_sieve.SchLib
