Change Component Designator: Old Designator=C5 New Designator=C6
Change Component Designator: Old Designator=C6 New Designator=C5
Change Component Designator: Old Designator=C10 New Designator=C11
Change Component Designator: Old Designator=C11 New Designator=C10
Change Component Designator: Old Designator=J1 New Designator=J3
Change Component Designator: Old Designator=J1 New Designator=J3
Change Component Designator: Old Designator=J1 New Designator=J3
Change Component Designator: Old Designator=J1 New Designator=J3
Change Component Designator: Old Designator=J2 New Designator=J1
Change Component Designator: Old Designator=J3 New Designator=J2
Change Component Designator: Old Designator=JP1 New Designator=JP3
Change Component Designator: Old Designator=JP2 New Designator=JP4
Change Component Designator: Old Designator=JP3 New Designator=JP5
Change Component Designator: Old Designator=JP4 New Designator=JP8
Change Component Designator: Old Designator=JP5 New Designator=JP7
Change Component Designator: Old Designator=JP6 New Designator=JP9
Change Component Designator: Old Designator=JP7 New Designator=JP12
Change Component Designator: Old Designator=JP8 New Designator=JP13
Change Component Designator: Old Designator=JP9 New Designator=JP14
Change Component Designator: Old Designator=JP? New Designator=JP1
Change Component Designator: Old Designator=JP? New Designator=JP2
Change Component Designator: Old Designator=JP? New Designator=JP6
Change Component Designator: Old Designator=TP4 New Designator=TP5
Change Component Designator: Old Designator=TP5 New Designator=TP6
Change Component Designator: Old Designator=TP6 New Designator=TP7
Change Component Designator: Old Designator=TP7 New Designator=TP8
Change Component Designator: Old Designator=TP8 New Designator=TP9
Change Component Designator: Old Designator=TP9 New Designator=TP12
Change Component Designator: Old Designator=TP10 New Designator=TP13
Change Component Designator: Old Designator=TP11 New Designator=TP14
Change Component Designator: Old Designator=TP12 New Designator=TP15
Change Component Designator: Old Designator=TP13 New Designator=TP16
Change Component Designator: Old Designator=TP14 New Designator=TP17
Change Component Designator: Old Designator=TP15 New Designator=TP4
Change Component Designator: Old Designator=TP? New Designator=TP10
Change Component Designator: Old Designator=TP? New Designator=TP11
