Added Pin To Net: NetName=NetJ1_1 Pin=TP1-1
Added Pin To Net: NetName=NetC4_2 Pin=TP2-1
Added Pin To Net: NetName=NetC1_2 Pin=TP3-1
Added Pin To Net: NetName=NetJP5_2 Pin=TP4-1
Added Pin To Net: NetName=NetC9_2 Pin=TP5-1
Added Pin To Net: NetName=NetJP7_1 Pin=TP6-1
Added Pin To Net: NetName=DAC_OUT Pin=TP7-1
Added Pin To Net: NetName=NetJP9_2 Pin=TP8-1
Added Pin To Net: NetName=GND Pin=TP10-1
Added Pin To Net: NetName=VCC Pin=TP11-1
Added Pin To Net: NetName=NetC13_2 Pin=TP12-1
Added Pin To Net: NetName=NetENC1_3 Pin=TP13-1
Added Pin To Net: NetName=NetENC1_1 Pin=TP14-1
Added Pin To Net: NetName=NetC12_2 Pin=TP15-1
Added Pin To Net: NetName=NetC14_2 Pin=TP16-1
Added Pin To Net: NetName=NetENC1_4 Pin=TP17-1
Added Pin To Net: NetName=NetTP9_1 Pin=TP9-1
Added Pin To Net: NetName=NetTP9_1 Pin=U2-5
Added Pin To Net: NetName=NetTP9_1 Pin=VR3-2
Added Net: Name=NetTP9_1
